[INFO] Scanning for projects...
[INFO] 
[INFO] -------------------------< cn.edu.cuc:class10 >-------------------------
[INFO] Building class10 0.0.1-SNAPSHOT
[INFO]   from pom.xml
[INFO] --------------------------------[ war ]---------------------------------
[INFO] 
[INFO] >>> spring-boot:4.0.6:run (default-cli) > test-compile @ class10 >>>
[INFO] 
[INFO] --- resources:3.3.1:resources (default-resources) @ class10 ---
[INFO] Copying 1 resource from src\main\resources to target\classes
[INFO] Copying 9 resources from src\main\resources to target\classes
[INFO] 
[INFO] --- compiler:3.14.1:compile (default-compile) @ class10 ---
[INFO] Nothing to compile - all classes are up to date.
[INFO] 
[INFO] --- resources:3.3.1:testResources (default-testResources) @ class10 ---
[INFO] skip non existing resourceDirectory E:\IdeaProjects\class10\src\test\resources
[INFO] 
[INFO] --- compiler:3.14.1:testCompile (default-testCompile) @ class10 ---
[INFO] Nothing to compile - all classes are up to date.
[INFO] 
[INFO] <<< spring-boot:4.0.6:run (default-cli) < test-compile @ class10 <<<
[INFO] 
[INFO] 
[INFO] --- spring-boot:4.0.6:run (default-cli) @ class10 ---
[INFO] Attaching agents: []

  .   ____          _            __ _ _
 /\\ / ___'_ __ _ _(_)_ __  __ _ \ \ \ \
( ( )\___ | '_ | '_| | '_ \/ _` | \ \ \ \
 \\/  ___)| |_)| | | | | || (_| |  ) ) ) )
  '  |____| .__|_| |_|_| |_\__, | / / / /
 =========|_|==============|___/=/_/_/_/

 :: Spring Boot ::                (v4.0.6)

2026-06-12T22:46:54.800+08:00  INFO 14900 --- [class10] [           main] cn.edu.cuc.class10.Class10Application    : Starting Class10Application using Java 25.0.2 with PID 14900 (E:\IdeaProjects\class10\target\classes started by lenovo in E:\IdeaProjects\class10)
2026-06-12T22:46:54.802+08:00  INFO 14900 --- [class10] [           main] cn.edu.cuc.class10.Class10Application    : No active profile set, falling back to 1 default profile: "default"
2026-06-12T22:46:55.184+08:00  INFO 14900 --- [class10] [           main] .s.d.r.c.RepositoryConfigurationDelegate : Bootstrapping Spring Data JPA repositories in DEFAULT mode.
2026-06-12T22:46:55.247+08:00  INFO 14900 --- [class10] [           main] .s.d.r.c.RepositoryConfigurationDelegate : Finished Spring Data repository scanning in 58 ms. Found 7 JPA repository interfaces.
2026-06-12T22:46:55.534+08:00  INFO 14900 --- [class10] [           main] o.s.boot.tomcat.TomcatWebServer          : Tomcat initialized with port 8080 (http)
2026-06-12T22:46:55.543+08:00  INFO 14900 --- [class10] [           main] o.apache.catalina.core.StandardService   : Starting service [Tomcat]
2026-06-12T22:46:55.543+08:00  INFO 14900 --- [class10] [           main] o.apache.catalina.core.StandardEngine    : Starting Servlet engine: [Apache Tomcat/11.0.21]
2026-06-12T22:46:55.599+08:00  INFO 14900 --- [class10] [           main] b.w.c.s.WebApplicationContextInitializer : Root WebApplicationContext: initialization completed in 769 ms
2026-06-12T22:46:55.704+08:00  INFO 14900 --- [class10] [           main] org.hibernate.orm.jpa                    : HHH008540: Processing PersistenceUnitInfo [name: default]
2026-06-12T22:46:55.730+08:00  INFO 14900 --- [class10] [           main] org.hibernate.orm.core                   : HHH000001: Hibernate ORM core version 7.2.12.Final
2026-06-12T22:46:55.972+08:00  INFO 14900 --- [class10] [           main] o.s.o.j.p.SpringPersistenceUnitInfo      : No LoadTimeWeaver setup: ignoring JPA class transformer
2026-06-12T22:46:55.990+08:00  INFO 14900 --- [class10] [           main] com.zaxxer.hikari.HikariDataSource       : HikariPool-1 - Starting...
2026-06-12T22:46:56.090+08:00  INFO 14900 --- [class10] [           main] com.zaxxer.hikari.pool.HikariPool        : HikariPool-1 - Added connection com.mysql.cj.jdbc.ConnectionImpl@2c1a8529
2026-06-12T22:46:56.091+08:00  INFO 14900 --- [class10] [           main] com.zaxxer.hikari.HikariDataSource       : HikariPool-1 - Start completed.
2026-06-12T22:46:56.140+08:00  INFO 14900 --- [class10] [           main] org.hibernate.orm.connections.pooling    : HHH10001005: Database info:
	Database JDBC URL [jdbc:mysql://localhost:3306/class10?useUnicode=true&characterEncoding=utf8&useSSL=false&serverTimezone=Asia/Shanghai&allowPublicKeyRetrieval=true]
	Database driver: MySQL Connector/J
	Database dialect: MySQLDialect
	Database version: 8.0.43
	Default catalog/schema: class10/undefined
	Autocommit mode: undefined/unknown
	Isolation level: REPEATABLE_READ [default REPEATABLE_READ]
	JDBC fetch size: none
	Pool: DataSourceConnectionProvider
	Minimum pool size: undefined/unknown
	Maximum pool size: undefined/unknown
2026-06-12T22:46:56.704+08:00  INFO 14900 --- [class10] [           main] org.hibernate.orm.core                   : HHH000489: No JTA platform available (set 'hibernate.transaction.jta.platform' to enable JTA platform integration)
2026-06-12T22:46:56.756+08:00  INFO 14900 --- [class10] [           main] j.LocalContainerEntityManagerFactoryBean : Initialized JPA EntityManagerFactory for persistence unit 'default'
2026-06-12T22:46:56.795+08:00  INFO 14900 --- [class10] [           main] c.e.c.c.config.FlaskProcessManager       : 正在启动 Flask AI 服务（flask-service/app.py）...
2026-06-12T22:46:56.816+08:00  INFO 14900 --- [class10] [           main] c.e.c.c.config.FlaskProcessManager       : Flask 进程已启动（PID: 30452），等待就绪...
2026-06-12T22:47:09.824+08:00  INFO 14900 --- [class10] [           main] c.e.c.c.config.FlaskProcessManager       : Flask AI 服务启动成功: http://localhost:5000
2026-06-12T22:47:09.858+08:00  INFO 14900 --- [class10] [           main] o.s.d.j.r.query.QueryEnhancerFactories   : Hibernate is in classpath; If applicable, HQL parser will be used.
2026-06-12T22:47:10.477+08:00  WARN 14900 --- [class10] [           main] JpaBaseConfiguration$JpaWebConfiguration : spring.jpa.open-in-view is enabled by default. Therefore, database queries may be performed during view rendering. Explicitly configure spring.jpa.open-in-view to disable this warning
2026-06-12T22:47:10.487+08:00  INFO 14900 --- [class10] [           main] o.s.b.w.a.WelcomePageHandlerMapping      : Adding welcome page: class path resource [static/index.html]
2026-06-12T22:47:10.641+08:00  WARN 14900 --- [class10] [           main] ConfigServletWebServerApplicationContext : Exception encountered during context initialization - cancelling refresh attempt: org.springframework.context.ApplicationContextException: Failed to start bean 'webServerStartStop'
2026-06-12T22:47:10.642+08:00  INFO 14900 --- [class10] [           main] c.e.c.c.config.FlaskProcessManager       : 正在关闭 Flask AI 服务（PID: 30452）...
2026-06-12T22:47:10.686+08:00  INFO 14900 --- [class10] [           main] c.e.c.c.config.FlaskProcessManager       : Flask AI 服务已正常关闭
2026-06-12T22:47:10.686+08:00  INFO 14900 --- [class10] [           main] j.LocalContainerEntityManagerFactoryBean : Closing JPA EntityManagerFactory for persistence unit 'default'
2026-06-12T22:47:10.688+08:00  INFO 14900 --- [class10] [           main] com.zaxxer.hikari.HikariDataSource       : HikariPool-1 - Shutdown initiated...
2026-06-12T22:47:10.692+08:00  INFO 14900 --- [class10] [           main] com.zaxxer.hikari.HikariDataSource       : HikariPool-1 - Shutdown completed.
2026-06-12T22:47:10.697+08:00  INFO 14900 --- [class10] [           main] .s.b.a.l.ConditionEvaluationReportLogger : 

Error starting ApplicationContext. To display the condition evaluation report re-run your application with 'debug' enabled.
2026-06-12T22:47:10.705+08:00 ERROR 14900 --- [class10] [           main] o.s.b.d.LoggingFailureAnalysisReporter   : 

***************************
APPLICATION FAILED TO START
***************************

Description:

Web server failed to start. Port 8080 was already in use.

Action:

Identify and stop the process that's listening on port 8080 or configure this application to listen on another port.

[INFO] ------------------------------------------------------------------------
[INFO] BUILD FAILURE
[INFO] ------------------------------------------------------------------------
[INFO] Total time:  19.346 s
[INFO] Finished at: 2026-06-12T22:47:10+08:00
[INFO] ------------------------------------------------------------------------
[ERROR] Failed to execute goal org.springframework.boot:spring-boot-maven-plugin:4.0.6:run (default-cli) on project class10: Process terminated with exit code: 1 -> [Help 1]
[ERROR] 
[ERROR] To see the full stack trace of the errors, re-run Maven with the -e switch.
[ERROR] Re-run Maven using the -X switch to enable full debug logging.
[ERROR] 
[ERROR] For more information about the errors and possible solutions, please read the following articles:
[ERROR] [Help 1] http://cwiki.apache.org/confluence/display/MAVEN/MojoExecutionException
